  Application.cpp
  Button.cpp
  Camera_Wrapper.cpp
  ChangeableBox.cpp
  Constants.cpp
  Container.cpp
  DropDown.cpp
  ExpandableSidebar.cpp
  FloatBox.cpp
  GUI_Object.cpp
  Image.cpp
  JsonHandler.cpp
  Logger.cpp
  main.cpp
  MenuState.cpp
  NewDocumentState.cpp
  OCR_Wrapper.cpp
  Organization_Wrapper.cpp
  RelativeRect.cpp
  ScrollBox.cpp
  Generating Code...
  Compiling...
  SettingsState.cpp
  Sidebar.cpp
  State.cpp
  StateStack.cpp
  TextBox.cpp
  Utility.cpp
  Generating Code...
  Filing-Cabinet.vcxproj -> C:\Users\natha\Documents\GitHub\filing-cabinet\Filing-Cabinet\x64\Debug\Filing-Cabinet.exe
