  Application.cpp
  Button.cpp
  Camera_Wrapper.cpp
  ChangeableBox.cpp
  Constants.cpp
  Container.cpp
  DropDown.cpp
  ExpandableSidebar.cpp
  FloatBox.cpp
  GUI_Object.cpp
  Image.cpp
  JsonHandler.cpp
  Logger.cpp
  main.cpp
  MenuState.cpp
  NewDocumentState.cpp
  OCR_Wrapper.cpp
  Organization_Wrapper.cpp
  RelativeRect.cpp
  ScrollBox.cpp
  Compiling...
  SettingsState.cpp
  Sidebar.cpp
  State.cpp
  StateStack.cpp
  TextBox.cpp
  Utility.cpp
  Generating code
  Previous IPDB was built with incompatible compiler, fall back to full compilation.
  All 2990 functions were compiled because no usable IPDB/IOBJ from previous compilation was found.
  Finished generating code
  Filing-Cabinet.vcxproj -> C:\Users\natha\Documents\GitHub\filing-cabinet\Filing-Cabinet\x64\Release\Filing-Cabinet.exe
